{
  "version": "1.5.0",
  "plugins_used": [
    {
      "name": "ArtifactoryDetector"
    },
    {
      "name": "AWSKeyDetector"
    },
    {
      "name": "AzureStorageKeyDetector"
    },
    {
      "name": "Base64HighEntropyString",
      "limit": 4.5
    },
    {
      "name": "BasicAuthDetector"
    },
    {
      "name": "CloudantDetector"
    },
    {
      "name": "DiscordBotTokenDetector"
    },
    {
      "name": "GitHubTokenDetector"
    },
    {
      "name": "GitLabTokenDetector"
    },
    {
      "name": "HexHighEntropyString",
      "limit": 3.0
    },
    {
      "name": "IbmCloudIamDetector"
    },
    {
      "name": "IbmCosHmacDetector"
    },
    {
      "name": "IPPublicDetector"
    },
    {
      "name": "JwtTokenDetector"
    },
    {
      "name": "KeywordDetector",
      "keyword_exclude": ""
    },
    {
      "name": "MailchimpDetector"
    },
    {
      "name": "NpmDetector"
    },
    {
      "name": "OpenAIDetector"
    },
    {
      "name": "PrivateKeyDetector"
    },
    {
      "name": "PypiTokenDetector"
    },
    {
      "name": "SendGridDetector"
    },
    {
      "name": "SlackDetector"
    },
    {
      "name": "SoftlayerDetector"
    },
    {
      "name": "SquareOAuthDetector"
    },
    {
      "name": "StripeDetector"
    },
    {
      "name": "TelegramBotTokenDetector"
    },
    {
      "name": "TwilioKeyDetector"
    }
  ],
  "filters_used": [
    {
      "path": "detect_secrets.filters.allowlist.is_line_allowlisted"
    },
    {
      "path": "detect_secrets.filters.common.is_baseline_file",
      "filename": ".secrets.baseline"
    },
    {
      "path": "detect_secrets.filters.common.is_ignored_due_to_verification_policies",
      "min_level": 2
    },
    {
      "path": "detect_secrets.filters.heuristic.is_indirect_reference"
    },
    {
      "path": "detect_secrets.filters.heuristic.is_likely_id_string"
    },
    {
      "path": "detect_secrets.filters.heuristic.is_lock_file"
    },
    {
      "path": "detect_secrets.filters.heuristic.is_not_alphanumeric_string"
    },
    {
      "path": "detect_secrets.filters.heuristic.is_potential_uuid"
    },
    {
      "path": "detect_secrets.filters.heuristic.is_prefixed_with_dollar_sign"
    },
    {
      "path": "detect_secrets.filters.heuristic.is_sequential_string"
    },
    {
      "path": "detect_secrets.filters.heuristic.is_swagger_file"
    },
    {
      "path": "detect_secrets.filters.heuristic.is_templated_secret"
    }
  ],
  "results": {
    ".claude/skills/use-playwright/SKILL.md": [
      {
        "type": "Secret Keyword",
        "filename": ".claude/skills/use-playwright/SKILL.md",
        "hashed_secret": "5baf8914a97c5229a765699cb50a6d052ed5f2ae",
        "is_verified": false,
        "line_number": 25
      }
    ],
    ".github/workflows/tests.yml": [
      {
        "type": "Secret Keyword",
        "filename": ".github/workflows/tests.yml",
        "hashed_secret": "5baa61e4c9b93f3f0682250b6cf8331b7ee68fd8",
        "is_verified": false,
        "line_number": 50
      }
    ],
    "config/settings_base.py": [
      {
        "type": "Secret Keyword",
        "filename": "config/settings_base.py",
        "hashed_secret": "a8360c0ad7c8605de30fd1c607b155a5b6659081",
        "is_verified": false,
        "line_number": 81
      }
    ],
    "config/settings_dev.py": [
      {
        "type": "Secret Keyword",
        "filename": "config/settings_dev.py",
        "hashed_secret": "5c0a003617465581ce9aa3a64a14e10c2cee2f9d",
        "is_verified": false,
        "line_number": 10
      },
      {
        "type": "Secret Keyword",
        "filename": "config/settings_dev.py",
        "hashed_secret": "5baa61e4c9b93f3f0682250b6cf8331b7ee68fd8",
        "is_verified": false,
        "line_number": 64
      }
    ],
    "freedom_ls/accounts/tests/test_email_templates.py": [
      {
        "type": "Secret Keyword",
        "filename": "freedom_ls/accounts/tests/test_email_templates.py",
        "hashed_secret": "7670145dd26a1136d63d7d88cc4665454e752612",
        "is_verified": false,
        "line_number": 557
      }
    ],
    "freedom_ls/qa_helpers/management/commands/qa_create_large_cohort.py": [
      {
        "type": "Secret Keyword",
        "filename": "freedom_ls/qa_helpers/management/commands/qa_create_large_cohort.py",
        "hashed_secret": "1c58bd92003bbaa0538e249fff6ee19a270dec5f",
        "is_verified": false,
        "line_number": 74
      }
    ],
    "freedom_ls/student_management/management/commands/create_demo_data.py": [
      {
        "type": "Base64 High Entropy String",
        "filename": "freedom_ls/student_management/management/commands/create_demo_data.py",
        "hashed_secret": "a04f237c00053ec35c323d100ecf7e84f928ba58",
        "is_verified": false,
        "line_number": 11
      },
      {
        "type": "Secret Keyword",
        "filename": "freedom_ls/student_management/management/commands/create_demo_data.py",
        "hashed_secret": "a04f237c00053ec35c323d100ecf7e84f928ba58",
        "is_verified": false,
        "line_number": 11
      }
    ]
  },
  "generated_at": "2026-03-07T13:29:16Z"
}
